---
source: crates/rimz/src/sidebar_pane/render/tests/mod.rs
expression: screen
---
 ⌘ query-engine

 ◎ 0
 ¤ 1
 ──────────────────────
 ? 0   ! 0   ⏸︎ 0   ✓ 0

▎⑂ main ┄┄┄┄┄┄┄┄┄┄┄┄┄┄┄🮇
▌⣾ codex               ▐
▌  compile             ▐
 ──────────────────────
  W: ◎ 0  ◇ 0 ↘ 0 $0.00
  M: ◎ 0  ◇ 0 ↘ 0 $0.00

      Alt+p sidebar · ?
